This is pdfTeX, Version 3.141592653-2.6-1.40.25 (TeX Live 2023/Debian) (preloaded format=pdflatex 2025.4.4)  10 AUG 2026 16:22
entering extended mode
 restricted \write18 enabled.
 file:line:error style messages enabled.
 %&-line parsing enabled.
**main.tex
(./main.tex
LaTeX2e <2023-11-01> patch level 1
L3 programming layer <2024-01-22>
(./agujournal2019.cls
Document Class: agujournal2019 01/14/2019
(/usr/share/texlive/texmf-dist/tex/latex/graphics/graphicx.sty
Package: graphicx 2021/09/16 v1.2d Enhanced LaTeX Graphics (DPC,SPQR)

(/usr/share/texlive/texmf-dist/tex/latex/graphics/keyval.sty
Package: keyval 2022/05/29 v1.15 key=value parser (DPC)
\KV@toks@=\toks17
)
(/usr/share/texlive/texmf-dist/tex/latex/graphics/graphics.sty
Package: graphics 2022/03/10 v1.4e Standard LaTeX Graphics (DPC,SPQR)

(/usr/share/texlive/texmf-dist/tex/latex/graphics/trig.sty
Package: trig 2021/08/11 v1.11 sin cos tan (DPC)
)
(/usr/share/texlive/texmf-dist/tex/latex/graphics-cfg/graphics.cfg
File: graphics.cfg 2016/06/04 v1.11 sample graphics configuration
)
Package graphics Info: Driver file: pdftex.def on input line 107.

(/usr/share/texlive/texmf-dist/tex/latex/graphics-def/pdftex.def
File: pdftex.def 2022/09/22 v1.2b Graphics/color driver for pdftex
))
\Gin@req@height=\dimen140
\Gin@req@width=\dimen141
)
(/usr/share/texlive/texmf-dist/tex/latex/xcolor/xcolor.sty
Package: xcolor 2023/11/15 v3.01 LaTeX color extensions (UK)

(/usr/share/texlive/texmf-dist/tex/latex/graphics-cfg/color.cfg
File: color.cfg 2016/01/02 v1.6 sample color configuration
)
Package xcolor Info: Driver file: pdftex.def on input line 274.

(/usr/share/texlive/texmf-dist/tex/latex/graphics/mathcolor.ltx)
Package xcolor Info: Model `cmy' substituted by `cmy0' on input line 1350.
Package xcolor Info: Model `hsb' substituted by `rgb' on input line 1354.
Package xcolor Info: Model `RGB' extended on input line 1366.
Package xcolor Info: Model `HTML' substituted by `rgb' on input line 1368.
Package xcolor Info: Model `Hsb' substituted by `hsb' on input line 1369.
Package xcolor Info: Model `tHsb' substituted by `hsb' on input line 1370.
Package xcolor Info: Model `HSB' substituted by `hsb' on input line 1371.
Package xcolor Info: Model `Gray' substituted by `gray' on input line 1372.
Package xcolor Info: Model `wave' substituted by `hsb' on input line 1373.
)
(/usr/share/texlive/texmf-dist/tex/latex/url/url.sty
\Urlmuskip=\muskip16
Package: url 2013/09/16  ver 3.4  Verb mode for urls, etc.
)
(/usr/share/texlive/texmf-dist/tex/latex/lineno/lineno.sty
Package: lineno 2023/05/20 line numbers on paragraphs v5.3

(/usr/share/texlive/texmf-dist/tex/latex/etoolbox/etoolbox.sty
Package: etoolbox 2020/10/05 v2.5k e-TeX tools for LaTeX (JAW)
\etb@tempcnta=\count187
)
(/usr/share/texlive/texmf-dist/tex/latex/kvoptions/kvoptions.sty
Package: kvoptions 2022-06-15 v3.15 Key value format for package options (HO)

(/usr/share/texlive/texmf-dist/tex/generic/ltxcmds/ltxcmds.sty
Package: ltxcmds 2023-12-04 v1.26 LaTeX kernel commands for general use (HO)
)
(/usr/share/texlive/texmf-dist/tex/latex/kvsetkeys/kvsetkeys.sty
Package: kvsetkeys 2022-10-05 v1.19 Key value parser (HO)
))
\linenopenalty=\count188
\output=\toks18
\linenoprevgraf=\count189
\linenumbersep=\dimen142
\linenumberwidth=\dimen143
\c@linenumber=\count190
\c@pagewiselinenumber=\count191
\c@LN@truepage=\count192
\c@internallinenumber=\count193
\c@internallinenumbers=\count194
\quotelinenumbersep=\dimen144
\bframerule=\dimen145
\bframesep=\dimen146
\bframebox=\box51
LaTeX Info: Redefining \\ on input line 3180.
)
(/usr/share/texlive/texmf-dist/tex/latex/tools/indentfirst.sty
Package: indentfirst 2023/07/02 v1.03 Indent first paragraph (DPC)
)
(/usr/share/texlive/texmf-dist/tex/latex/ragged2e/ragged2e.sty
Package: ragged2e 2023/06/22 v3.6 ragged2e Package
\CenteringLeftskip=\skip48
\RaggedLeftLeftskip=\skip49
\RaggedRightLeftskip=\skip50
\CenteringRightskip=\skip51
\RaggedLeftRightskip=\skip52
\RaggedRightRightskip=\skip53
\CenteringParfillskip=\skip54
\RaggedLeftParfillskip=\skip55
\RaggedRightParfillskip=\skip56
\JustifyingParfillskip=\skip57
\CenteringParindent=\skip58
\RaggedLeftParindent=\skip59
\RaggedRightParindent=\skip60
\JustifyingParindent=\skip61
)
(/usr/share/texlive/texmf-dist/tex/latex/graphics/rotating.sty
Package: rotating 2016/08/11 v2.16d rotated objects in LaTeX

(/usr/share/texlive/texmf-dist/tex/latex/base/ifthen.sty
Package: ifthen 2022/04/13 v1.1d Standard LaTeX ifthen package (DPC)
)
\c@r@tfl@t=\count195
\rotFPtop=\skip62
\rotFPbot=\skip63
\rot@float@box=\box52
\rot@mess@toks=\toks19
)
\draftskip=\count196
\c@section=\count197
\c@subsection=\count198
\c@subsubsection=\count199
\c@paragraph=\count266
\c@subparagraph=\count267
\c@figure=\count268
\c@table=\count269
\abovecaptionskip=\skip64
\belowcaptionskip=\skip65
\c@appendnum=\count270
\bibindent=\dimen147

(/usr/share/texlive/texmf-dist/tex/latex/apacite/apacite.sty
Package: apacite 2013/07/21 v6.03 APA citation
\c@BibCnt=\count271
\bibleftmargin=\skip66
\bibindent=\skip67
\bibparsep=\skip68
\bibitemsep=\skip69
\biblabelsep=\skip70
))
(/usr/share/texlive/texmf-dist/tex/latex/amsmath/amsmath.sty
Package: amsmath 2023/05/13 v2.17o AMS math features
\@mathmargin=\skip71

For additional information on amsmath, use the `?' option.
(/usr/share/texlive/texmf-dist/tex/latex/amsmath/amstext.sty
Package: amstext 2021/08/26 v2.01 AMS text

(/usr/share/texlive/texmf-dist/tex/latex/amsmath/amsgen.sty
File: amsgen.sty 1999/11/30 v2.0 generic functions
\@emptytoks=\toks20
\ex@=\dimen148
))
(/usr/share/texlive/texmf-dist/tex/latex/amsmath/amsbsy.sty
Package: amsbsy 1999/11/29 v1.2d Bold Symbols
\pmbraise@=\dimen149
)
(/usr/share/texlive/texmf-dist/tex/latex/amsmath/amsopn.sty
Package: amsopn 2022/04/08 v2.04 operator names
)
\inf@bad=\count272
LaTeX Info: Redefining \frac on input line 234.
\uproot@=\count273
\leftroot@=\count274
LaTeX Info: Redefining \overline on input line 399.
LaTeX Info: Redefining \colon on input line 410.
\classnum@=\count275
\DOTSCASE@=\count276
LaTeX Info: Redefining \ldots on input line 496.
LaTeX Info: Redefining \dots on input line 499.
LaTeX Info: Redefining \cdots on input line 620.
\Mathstrutbox@=\box53
\strutbox@=\box54
LaTeX Info: Redefining \big on input line 722.
LaTeX Info: Redefining \Big on input line 723.
LaTeX Info: Redefining \bigg on input line 724.
LaTeX Info: Redefining \Bigg on input line 725.
\big@size=\dimen150
LaTeX Font Info:    Redeclaring font encoding OML on input line 743.
LaTeX Font Info:    Redeclaring font encoding OMS on input line 744.
\macc@depth=\count277
LaTeX Info: Redefining \bmod on input line 905.
LaTeX Info: Redefining \pmod on input line 910.
LaTeX Info: Redefining \smash on input line 940.
LaTeX Info: Redefining \relbar on input line 970.
LaTeX Info: Redefining \Relbar on input line 971.
\c@MaxMatrixCols=\count278
\dotsspace@=\muskip17
\c@parentequation=\count279
\dspbrk@lvl=\count280
\tag@help=\toks21
\row@=\count281
\column@=\count282
\maxfields@=\count283
\andhelp@=\toks22
\eqnshift@=\dimen151
\alignsep@=\dimen152
\tagshift@=\dimen153
\tagwidth@=\dimen154
\totwidth@=\dimen155
\lineht@=\dimen156
\@envbody=\toks23
\multlinegap=\skip72
\multlinetaggap=\skip73
\mathdisplay@stack=\toks24
LaTeX Info: Redefining \[ on input line 2953.
LaTeX Info: Redefining \] on input line 2954.
)
\linenoamsmath@ams@eqpen=\count284

(/usr/share/texlive/texmf-dist/tex/latex/booktabs/booktabs.sty
Package: booktabs 2020/01/12 v1.61803398 Publication quality tables
\heavyrulewidth=\dimen157
\lightrulewidth=\dimen158
\cmidrulewidth=\dimen159
\belowrulesep=\dimen160
\belowbottomsep=\dimen161
\aboverulesep=\dimen162
\abovetopsep=\dimen163
\cmidrulesep=\dimen164
\cmidrulekern=\dimen165
\defaultaddspace=\dimen166
\@cmidla=\count285
\@cmidlb=\count286
\@aboverulesep=\dimen167
\@belowrulesep=\dimen168
\@thisruleclass=\count287
\@lastruleclass=\count288
\@thisrulewidth=\dimen169
)
(/usr/share/texlive/texmf-dist/tex/latex/tools/tabularx.sty
Package: tabularx 2023/07/08 v2.11c `tabularx' package (DPC)

(/usr/share/texlive/texmf-dist/tex/latex/tools/array.sty
Package: array 2023/10/16 v2.5g Tabular extension package (FMi)
\col@sep=\dimen170
\ar@mcellbox=\box55
\extrarowheight=\dimen171
\NC@list=\toks25
\extratabsurround=\skip74
\backup@length=\skip75
\ar@cellbox=\box56
)
\TX@col@width=\dimen172
\TX@old@table=\dimen173
\TX@old@col=\dimen174
\TX@target=\dimen175
\TX@delta=\dimen176
\TX@cols=\count289
\TX@ftn=\toks26
)
(/usr/share/texlive/texmf-dist/tex/latex/pgf/frontendlayer/tikz.sty
(/usr/share/texlive/texmf-dist/tex/latex/pgf/basiclayer/pgf.sty
(/usr/share/texlive/texmf-dist/tex/latex/pgf/utilities/pgfrcs.sty
(/usr/share/texlive/texmf-dist/tex/generic/pgf/utilities/pgfutil-common.tex
\pgfutil@everybye=\toks27
\pgfutil@tempdima=\dimen177
\pgfutil@tempdimb=\dimen178
)
(/usr/share/texlive/texmf-dist/tex/generic/pgf/utilities/pgfutil-latex.def
\pgfutil@abb=\box57
)
(/usr/share/texlive/texmf-dist/tex/generic/pgf/utilities/pgfrcs.code.tex
(/usr/share/texlive/texmf-dist/tex/generic/pgf/pgf.revision.tex)
Package: pgfrcs 2023-01-15 v3.1.10 (3.1.10)
))
Package: pgf 2023-01-15 v3.1.10 (3.1.10)

(/usr/share/texlive/texmf-dist/tex/latex/pgf/basiclayer/pgfcore.sty
(/usr/share/texlive/texmf-dist/tex/latex/pgf/systemlayer/pgfsys.sty
(/usr/share/texlive/texmf-dist/tex/generic/pgf/systemlayer/pgfsys.code.tex
Package: pgfsys 2023-01-15 v3.1.10 (3.1.10)

(/usr/share/texlive/texmf-dist/tex/generic/pgf/utilities/pgfkeys.code.tex
\pgfkeys@pathtoks=\toks28
\pgfkeys@temptoks=\toks29

(/usr/share/texlive/texmf-dist/tex/generic/pgf/utilities/pgfkeyslibraryfiltered
.code.tex
\pgfkeys@tmptoks=\toks30
))
\pgf@x=\dimen179
\pgf@y=\dimen180
\pgf@xa=\dimen181
\pgf@ya=\dimen182
\pgf@xb=\dimen183
\pgf@yb=\dimen184
\pgf@xc=\dimen185
\pgf@yc=\dimen186
\pgf@xd=\dimen187
\pgf@yd=\dimen188
\w@pgf@writea=\write3
\r@pgf@reada=\read2
\c@pgf@counta=\count290
\c@pgf@countb=\count291
\c@pgf@countc=\count292
\c@pgf@countd=\count293
\t@pgf@toka=\toks31
\t@pgf@tokb=\toks32
\t@pgf@tokc=\toks33
\pgf@sys@id@count=\count294
 (/usr/share/texlive/texmf-dist/tex/generic/pgf/systemlayer/pgf.cfg
File: pgf.cfg 2023-01-15 v3.1.10 (3.1.10)
)
Driver file for pgf: pgfsys-pdftex.def
(/usr/share/texlive/texmf-dist/tex/generic/pgf/systemlayer/pgfsys-pdftex.def
File: pgfsys-pdftex.def 2023-01-15 v3.1.10 (3.1.10)

(/usr/share/texlive/texmf-dist/tex/generic/pgf/systemlayer/pgfsys-common-pdf.de
f
File: pgfsys-common-pdf.def 2023-01-15 v3.1.10 (3.1.10)
)))
(/usr/share/texlive/texmf-dist/tex/generic/pgf/systemlayer/pgfsyssoftpath.code.
tex
File: pgfsyssoftpath.code.tex 2023-01-15 v3.1.10 (3.1.10)
\pgfsyssoftpath@smallbuffer@items=\count295
\pgfsyssoftpath@bigbuffer@items=\count296
)
(/usr/share/texlive/texmf-dist/tex/generic/pgf/systemlayer/pgfsysprotocol.code.
tex
File: pgfsysprotocol.code.tex 2023-01-15 v3.1.10 (3.1.10)
))
(/usr/share/texlive/texmf-dist/tex/generic/pgf/basiclayer/pgfcore.code.tex
Package: pgfcore 2023-01-15 v3.1.10 (3.1.10)

(/usr/share/texlive/texmf-dist/tex/generic/pgf/math/pgfmath.code.tex
(/usr/share/texlive/texmf-dist/tex/generic/pgf/math/pgfmathutil.code.tex)
(/usr/share/texlive/texmf-dist/tex/generic/pgf/math/pgfmathparser.code.tex
\pgfmath@dimen=\dimen189
\pgfmath@count=\count297
\pgfmath@box=\box58
\pgfmath@toks=\toks34
\pgfmath@stack@operand=\toks35
\pgfmath@stack@operation=\toks36
)
(/usr/share/texlive/texmf-dist/tex/generic/pgf/math/pgfmathfunctions.code.tex)
(/usr/share/texlive/texmf-dist/tex/generic/pgf/math/pgfmathfunctions.basic.code
.tex)
(/usr/share/texlive/texmf-dist/tex/generic/pgf/math/pgfmathfunctions.trigonomet
ric.code.tex)
(/usr/share/texlive/texmf-dist/tex/generic/pgf/math/pgfmathfunctions.random.cod
e.tex)
(/usr/share/texlive/texmf-dist/tex/generic/pgf/math/pgfmathfunctions.comparison
.code.tex)
(/usr/share/texlive/texmf-dist/tex/generic/pgf/math/pgfmathfunctions.base.code.
tex)
(/usr/share/texlive/texmf-dist/tex/generic/pgf/math/pgfmathfunctions.round.code
.tex)
(/usr/share/texlive/texmf-dist/tex/generic/pgf/math/pgfmathfunctions.misc.code.
tex)
(/usr/share/texlive/texmf-dist/tex/generic/pgf/math/pgfmathfunctions.integerari
thmetics.code.tex)
(/usr/share/texlive/texmf-dist/tex/generic/pgf/math/pgfmathcalc.code.tex)
(/usr/share/texlive/texmf-dist/tex/generic/pgf/math/pgfmathfloat.code.tex
\c@pgfmathroundto@lastzeros=\count298
))
(/usr/share/texlive/texmf-dist/tex/generic/pgf/math/pgfint.code.tex)
(/usr/share/texlive/texmf-dist/tex/generic/pgf/basiclayer/pgfcorepoints.code.te
x
File: pgfcorepoints.code.tex 2023-01-15 v3.1.10 (3.1.10)
\pgf@picminx=\dimen190
\pgf@picmaxx=\dimen191
\pgf@picminy=\dimen192
\pgf@picmaxy=\dimen193
\pgf@pathminx=\dimen194
\pgf@pathmaxx=\dimen195
\pgf@pathminy=\dimen196
\pgf@pathmaxy=\dimen197
\pgf@xx=\dimen198
\pgf@xy=\dimen199
\pgf@yx=\dimen256
\pgf@yy=\dimen257
\pgf@zx=\dimen258
\pgf@zy=\dimen259
)
(/usr/share/texlive/texmf-dist/tex/generic/pgf/basiclayer/pgfcorepathconstruct.
code.tex
File: pgfcorepathconstruct.code.tex 2023-01-15 v3.1.10 (3.1.10)
\pgf@path@lastx=\dimen260
\pgf@path@lasty=\dimen261
)
(/usr/share/texlive/texmf-dist/tex/generic/pgf/basiclayer/pgfcorepathusage.code
.tex
File: pgfcorepathusage.code.tex 2023-01-15 v3.1.10 (3.1.10)
\pgf@shorten@end@additional=\dimen262
\pgf@shorten@start@additional=\dimen263
)
(/usr/share/texlive/texmf-dist/tex/generic/pgf/basiclayer/pgfcorescopes.code.te
x
File: pgfcorescopes.code.tex 2023-01-15 v3.1.10 (3.1.10)
\pgfpic=\box59
\pgf@hbox=\box60
\pgf@layerbox@main=\box61
\pgf@picture@serial@count=\count299
)
(/usr/share/texlive/texmf-dist/tex/generic/pgf/basiclayer/pgfcoregraphicstate.c
ode.tex
File: pgfcoregraphicstate.code.tex 2023-01-15 v3.1.10 (3.1.10)
\pgflinewidth=\dimen264
)
(/usr/share/texlive/texmf-dist/tex/generic/pgf/basiclayer/pgfcoretransformation
s.code.tex
File: pgfcoretransformations.code.tex 2023-01-15 v3.1.10 (3.1.10)
\pgf@pt@x=\dimen265
\pgf@pt@y=\dimen266
\pgf@pt@temp=\dimen267
)
(/usr/share/texlive/texmf-dist/tex/generic/pgf/basiclayer/pgfcorequick.code.tex
File: pgfcorequick.code.tex 2023-01-15 v3.1.10 (3.1.10)
)
(/usr/share/texlive/texmf-dist/tex/generic/pgf/basiclayer/pgfcoreobjects.code.t
ex
File: pgfcoreobjects.code.tex 2023-01-15 v3.1.10 (3.1.10)
)
(/usr/share/texlive/texmf-dist/tex/generic/pgf/basiclayer/pgfcorepathprocessing
.code.tex
File: pgfcorepathprocessing.code.tex 2023-01-15 v3.1.10 (3.1.10)
)
(/usr/share/texlive/texmf-dist/tex/generic/pgf/basiclayer/pgfcorearrows.code.te
x
File: pgfcorearrows.code.tex 2023-01-15 v3.1.10 (3.1.10)
\pgfarrowsep=\dimen268
)
(/usr/share/texlive/texmf-dist/tex/generic/pgf/basiclayer/pgfcoreshade.code.tex
File: pgfcoreshade.code.tex 2023-01-15 v3.1.10 (3.1.10)
\pgf@max=\dimen269
\pgf@sys@shading@range@num=\count300
\pgf@shadingcount=\count301
)
(/usr/share/texlive/texmf-dist/tex/generic/pgf/basiclayer/pgfcoreimage.code.tex
File: pgfcoreimage.code.tex 2023-01-15 v3.1.10 (3.1.10)
)
(/usr/share/texlive/texmf-dist/tex/generic/pgf/basiclayer/pgfcoreexternal.code.
tex
File: pgfcoreexternal.code.tex 2023-01-15 v3.1.10 (3.1.10)
\pgfexternal@startupbox=\box62
)
(/usr/share/texlive/texmf-dist/tex/generic/pgf/basiclayer/pgfcorelayers.code.te
x
File: pgfcorelayers.code.tex 2023-01-15 v3.1.10 (3.1.10)
)
(/usr/share/texlive/texmf-dist/tex/generic/pgf/basiclayer/pgfcoretransparency.c
ode.tex
File: pgfcoretransparency.code.tex 2023-01-15 v3.1.10 (3.1.10)
)
(/usr/share/texlive/texmf-dist/tex/generic/pgf/basiclayer/pgfcorepatterns.code.
tex
File: pgfcorepatterns.code.tex 2023-01-15 v3.1.10 (3.1.10)
)
(/usr/share/texlive/texmf-dist/tex/generic/pgf/basiclayer/pgfcorerdf.code.tex
File: pgfcorerdf.code.tex 2023-01-15 v3.1.10 (3.1.10)
)))
(/usr/share/texlive/texmf-dist/tex/generic/pgf/modules/pgfmoduleshapes.code.tex
File: pgfmoduleshapes.code.tex 2023-01-15 v3.1.10 (3.1.10)
\pgfnodeparttextbox=\box63
) (/usr/share/texlive/texmf-dist/tex/generic/pgf/modules/pgfmoduleplot.code.tex
File: pgfmoduleplot.code.tex 2023-01-15 v3.1.10 (3.1.10)
)
(/usr/share/texlive/texmf-dist/tex/latex/pgf/compatibility/pgfcomp-version-0-65
.sty
Package: pgfcomp-version-0-65 2023-01-15 v3.1.10 (3.1.10)
\pgf@nodesepstart=\dimen270
\pgf@nodesepend=\dimen271
)
(/usr/share/texlive/texmf-dist/tex/latex/pgf/compatibility/pgfcomp-version-1-18
.sty
Package: pgfcomp-version-1-18 2023-01-15 v3.1.10 (3.1.10)
)) (/usr/share/texlive/texmf-dist/tex/latex/pgf/utilities/pgffor.sty
(/usr/share/texlive/texmf-dist/tex/latex/pgf/utilities/pgfkeys.sty
(/usr/share/texlive/texmf-dist/tex/generic/pgf/utilities/pgfkeys.code.tex))
(/usr/share/texlive/texmf-dist/tex/latex/pgf/math/pgfmath.sty
(/usr/share/texlive/texmf-dist/tex/generic/pgf/math/pgfmath.code.tex))
(/usr/share/texlive/texmf-dist/tex/generic/pgf/utilities/pgffor.code.tex
Package: pgffor 2023-01-15 v3.1.10 (3.1.10)
\pgffor@iter=\dimen272
\pgffor@skip=\dimen273
\pgffor@stack=\toks37
\pgffor@toks=\toks38
))
(/usr/share/texlive/texmf-dist/tex/generic/pgf/frontendlayer/tikz/tikz.code.tex
Package: tikz 2023-01-15 v3.1.10 (3.1.10)

(/usr/share/texlive/texmf-dist/tex/generic/pgf/libraries/pgflibraryplothandlers
.code.tex
File: pgflibraryplothandlers.code.tex 2023-01-15 v3.1.10 (3.1.10)
\pgf@plot@mark@count=\count302
\pgfplotmarksize=\dimen274
)
\tikz@lastx=\dimen275
\tikz@lasty=\dimen276
\tikz@lastxsaved=\dimen277
\tikz@lastysaved=\dimen278
\tikz@lastmovetox=\dimen279
\tikz@lastmovetoy=\dimen280
\tikzleveldistance=\dimen281
\tikzsiblingdistance=\dimen282
\tikz@figbox=\box64
\tikz@figbox@bg=\box65
\tikz@tempbox=\box66
\tikz@tempbox@bg=\box67
\tikztreelevel=\count303
\tikznumberofchildren=\count304
\tikznumberofcurrentchild=\count305
\tikz@fig@count=\count306

(/usr/share/texlive/texmf-dist/tex/generic/pgf/modules/pgfmodulematrix.code.tex
File: pgfmodulematrix.code.tex 2023-01-15 v3.1.10 (3.1.10)
\pgfmatrixcurrentrow=\count307
\pgfmatrixcurrentcolumn=\count308
\pgf@matrix@numberofcolumns=\count309
)
\tikz@expandcount=\count310

(/usr/share/texlive/texmf-dist/tex/generic/pgf/frontendlayer/tikz/libraries/tik
zlibrarytopaths.code.tex
File: tikzlibrarytopaths.code.tex 2023-01-15 v3.1.10 (3.1.10)
)))
(/usr/share/texlive/texmf-dist/tex/latex/lipsum/lipsum.sty
(/usr/share/texlive/texmf-dist/tex/latex/l3packages/l3keys2e/l3keys2e.sty
(/usr/share/texlive/texmf-dist/tex/latex/l3kernel/expl3.sty
Package: expl3 2024-01-22 L3 programming layer (loader) 

(/usr/share/texlive/texmf-dist/tex/latex/l3backend/l3backend-pdftex.def
File: l3backend-pdftex.def 2024-01-04 L3 backend support: PDF output (pdfTeX)
\l__color_backend_stack_int=\count311
\l__pdf_internal_box=\box68
))
Package: l3keys2e 2023-10-10 LaTeX2e option processing using LaTeX3 keys
)
Package: lipsum 2021-09-20 v2.7 150 paragraphs of Lorem Ipsum dummy text
\g__lipsum_par_int=\count312
\l__lipsum_a_int=\count313
\l__lipsum_b_int=\count314

(/usr/share/texlive/texmf-dist/tex/latex/lipsum/lipsum.ltd.tex))
(./trackchanges.sty
Package: trackchanges 2009/04/22 v0.7.0 TrackChanges file 
 (/usr/share/texlive/texmf-dist/tex/latex/tools/calc.sty
Package: calc 2023/07/08 v4.3 Infix arithmetic (KKT,FJ)
\calc@Acount=\count315
\calc@Bcount=\count316
\calc@Adimen=\dimen283
\calc@Bdimen=\dimen284
\calc@Askip=\skip76
\calc@Bskip=\skip77
LaTeX Info: Redefining \setlength on input line 80.
LaTeX Info: Redefining \addtolength on input line 81.
\calc@Ccount=\count317
\calc@Cskip=\skip78
)
(/usr/share/texlive/texmf-dist/tex/generic/soul/soul.sty
Package: soul 2023-06-14 v3.1 Permit use of UTF-8 characters in soul (HO)

(/usr/share/texlive/texmf-dist/tex/generic/soul/soul-ori.sty
Package: soul-ori 2023-06-14 v3.1 letterspacing/underlining (mf)
\SOUL@word=\toks39
\SOUL@lasttoken=\toks40
\SOUL@syllable=\toks41
\SOUL@cmds=\toks42
\SOUL@buffer=\toks43
\SOUL@token=\toks44
\SOUL@syllgoal=\dimen285
\SOUL@syllwidth=\dimen286
\SOUL@charkern=\dimen287
\SOUL@hyphkern=\dimen288
\SOUL@dimen=\dimen289
\SOUL@dimeni=\dimen290
\SOUL@minus=\count318
\SOUL@comma=\count319
\SOUL@apo=\count320
\SOUL@grave=\count321
\SOUL@spaceskip=\skip79
\SOUL@ttwidth=\dimen291
\SOUL@uldp=\dimen292
\SOUL@ulht=\dimen293
)
(/usr/share/texlive/texmf-dist/tex/generic/infwarerr/infwarerr.sty
Package: infwarerr 2019/12/03 v1.5 Providing info/warning/error messages (HO)
)
(/usr/share/texlive/texmf-dist/tex/generic/etexcmds/etexcmds.sty
Package: etexcmds 2019/12/15 v1.7 Avoid name clashes with e-TeX commands (HO)

(/usr/share/texlive/texmf-dist/tex/generic/iftex/iftex.sty
Package: iftex 2022/02/03 v1.0f TeX engine tests
)))
(/usr/share/texlive/texmf-dist/tex/latex/morefloats/morefloats.sty
Package: morefloats 2015/07/22 v1.0h Raise limit of unprocessed floats (HMM)
Package morefloats Info: Maximum number of possible floats asked for: 36
(morefloats)             (i.e. 18 more floats).
(morefloats)             LaTeX might run out of memory before this
(morefloats)             (in which case it will notify you).
)
\c@userid=\count322
\c@changenumber=\count323
\c@storefootnote=\count324
\c@numeditors=\count325
\c@maxeditors=\count326
)

LaTeX Warning: Unused global option(s):
    [10pt].

(out-tex/main.aux)
\openout1 = `main.aux'.

LaTeX Font Info:    Checking defaults for OML/cmm/m/it on input line 21.
LaTeX Font Info:    ... okay on input line 21.
LaTeX Font Info:    Checking defaults for OMS/cmsy/m/n on input line 21.
LaTeX Font Info:    ... okay on input line 21.
LaTeX Font Info:    Checking defaults for OT1/cmr/m/n on input line 21.
LaTeX Font Info:    ... okay on input line 21.
LaTeX Font Info:    Checking defaults for T1/cmr/m/n on input line 21.
LaTeX Font Info:    ... okay on input line 21.
LaTeX Font Info:    Checking defaults for TS1/cmr/m/n on input line 21.
LaTeX Font Info:    ... okay on input line 21.
LaTeX Font Info:    Checking defaults for OMX/cmex/m/n on input line 21.
LaTeX Font Info:    ... okay on input line 21.
LaTeX Font Info:    Checking defaults for U/cmr/m/n on input line 21.
LaTeX Font Info:    ... okay on input line 21.

(/usr/share/texlive/texmf-dist/tex/context/base/mkii/supp-pdf.mkii
[Loading MPS to PDF converter (version 2006.09.02).]
\scratchcounter=\count327
\scratchdimen=\dimen294
\scratchbox=\box69
\nofMPsegments=\count328
\nofMParguments=\count329
\everyMPshowfont=\toks45
\MPscratchCnt=\count330
\MPscratchDim=\dimen295
\MPnumerator=\count331
\makeMPintoPDFobject=\count332
\everyMPtoPDFconversion=\toks46
) (/usr/share/texlive/texmf-dist/tex/latex/epstopdf-pkg/epstopdf-base.sty
Package: epstopdf-base 2020-01-24 v2.11 Base part for package epstopdf

(/usr/share/texlive/texmf-dist/tex/latex/grfext/grfext.sty
Package: grfext 2019/12/03 v1.3 Manage graphics extensions (HO)

(/usr/share/texlive/texmf-dist/tex/generic/kvdefinekeys/kvdefinekeys.sty
Package: kvdefinekeys 2019-12-19 v1.6 Define keys (HO)
))
(/usr/share/texlive/texmf-dist/tex/generic/pdftexcmds/pdftexcmds.sty
Package: pdftexcmds 2020-06-27 v0.33 Utility functions of pdfTeX for LuaTeX (HO
)
Package pdftexcmds Info: \pdf@primitive is available.
Package pdftexcmds Info: \pdf@ifprimitive is available.
Package pdftexcmds Info: \pdfdraftmode found.
)
Package epstopdf-base Info: Redefining graphics rule for `.eps' on input line 4
85.
Package grfext Info: Graphics extension search list:
(grfext)             [.pdf,.png,.jpg,.mps,.jpeg,.jbig2,.jb2,.PDF,.PNG,.JPG,.JPE
G,.JBIG2,.JB2,.eps]
(grfext)             \AppendGraphicsExtensions on input line 504.

(/usr/share/texlive/texmf-dist/tex/latex/latexconfig/epstopdf-sys.cfg
File: epstopdf-sys.cfg 2010/07/13 v1.3 Configuration of (r)epstopdf for TeX Liv
e
))
\c@maskedRefs=\count333

(/usr/share/texlive/texmf-dist/tex/latex/apacite/english.apc
File: english.apc 2013/07/21 v6.03 apacite language file
LaTeX Info: Redefining \BPBI on input line 129.
LaTeX Info: Redefining \BHBI on input line 130.
) [1{/var/lib/texmf/fonts/map/pdftex/updmap/pdftex.map}]

LaTeX Font Warning: Font shape `OT1/cmr/m/n' in size <10.5> not available
(Font)              size <10.95> substituted on input line 63.


LaTeX Font Warning: Font shape `OT1/cmr/bx/n' in size <10.5> not available
(Font)              size <10.95> substituted on input line 63.


Package trackchanges Warning: Editor 'cl' unknown.
(trackchanges)                 on input line 65.


LaTeX Warning: Citation `arevalo-martinez_ideas_2023' undefined on input line 6
5.


LaTeX Warning: Citation `taniguchi_submarine_2019' undefined on input line 65.


LaTeX Warning: Citation `moore_effect_2010' undefined on input line 65.


Package trackchanges Warning: Editor 'cl' unknown.
(trackchanges)                 on input line 65.


LaTeX Warning: Citation `burnett_groundwater_2003' undefined on input line 65.


LaTeX Warning: Citation `swarzenski_observations_2017' undefined on input line 
65.


LaTeX Warning: Citation `bokuniewicz_direct_2008' undefined on input line 65.


LaTeX Warning: Citation `taniguchi_temporal_2008' undefined on input line 65.


LaTeX Warning: Citation `mulligan_role_2007' undefined on input line 65.


LaTeX Warning: Citation `fleury_submarine_2007' undefined on input line 65.


LaTeX Warning: Citation `hoffmann_fresh_2023' undefined on input line 65.


LaTeX Warning: Citation `schluter_spatial_2004' undefined on input line 65.


Package trackchanges Warning: Editor 'cl' unknown.
(trackchanges)                 on input line 66.


LaTeX Warning: Citation `lee_submarine_2016' undefined on input line 66.


LaTeX Warning: Citation `dulai_autonomous_2016' undefined on input line 66.


Package trackchanges Warning: Editor 'cl' unknown.
(trackchanges)                 on input line 67.


Package trackchanges Warning: Editor 'cl' unknown.
(trackchanges)                 on input line 67.


LaTeX Warning: Citation `werner_seawater_2013' undefined on input line 67.


LaTeX Warning: Citation `geng_preferential_2020' undefined on input line 67.


LaTeX Warning: Citation `xu_long_2016' undefined on input line 67.


LaTeX Warning: Citation `falls_hydrogeology_2005' undefined on input line 67.


Underfull \vbox (badness 10000) has occurred while \output is active []

 [2]

LaTeX Warning: Citation `michael_science_2017' undefined on input line 69.


LaTeX Warning: Citation `oude_essink_effects_2010' undefined on input line 69.


LaTeX Warning: Citation `ferguson_vulnerability_2012' undefined on input line 6
9.


Package trackchanges Warning: Editor 'cl' unknown.
(trackchanges)                 on input line 69.


Package trackchanges Warning: Editor 'cl' unknown.
(trackchanges)                 on input line 69.


LaTeX Warning: Citation `morgan_sea-level_2024' undefined on input line 69.


LaTeX Warning: Citation `werner_classification_2017' undefined on input line 69
.


LaTeX Warning: Citation `hovland_significance_2002' undefined on input line 71.



LaTeX Warning: Citation `micallef_can_2023' undefined on input line 71.


LaTeX Warning: Citation `zhang_review_2025' undefined on input line 71.


LaTeX Warning: Reference `fig:pockmarks_global_map' on page 3 undefined on inpu
t line 71.


LaTeX Warning: Citation `micallef_offshore_2021' undefined on input line 71.


LaTeX Warning: Citation `post_offshore_2013' undefined on input line 71.


LaTeX Warning: Citation `bertoni_seismic_2020' undefined on input line 71.


LaTeX Warning: Citation `hoffmann_complex_2020' undefined on input line 71.


LaTeX Warning: Citation `purkamo_impact_2022' undefined on input line 71.


LaTeX Warning: Citation `burnett_economic_2017' undefined on input line 71.


LaTeX Warning: Citation `alorda-kleinglass_social_2021' undefined on input line
 71.


LaTeX Warning: Citation `bakken_submarine_2012' undefined on input line 73.


LaTeX Warning: Citation `zamrsky_offshore_2022' undefined on input line 73.


LaTeX Warning: Citation `gyopari_wellington_2018' undefined on input line 73.


Package trackchanges Warning: Editor 'cl' unknown.
(trackchanges)                 on input line 74.


Package trackchanges Warning: Editor 'cl' unknown.
(trackchanges)                 on input line 74.


LaTeX Warning: Citation `goff_modern_2019' undefined on input line 74.


LaTeX Warning: Citation `matciak_pockmarks_2024' undefined on input line 74.


Package trackchanges Warning: Editor 'cl' unknown.
(trackchanges)                 on input line 74.

<global_map.png, id=24, 3066.2053pt x 1312.905pt>
File: global_map.png Graphic file (type png)
<use global_map.png>
Package pdftex.def Info: global_map.png  used on input line 77.
(pdftex.def)             Requested size: 536.60715pt x 229.76181pt.

LaTeX Warning: Citation `andresen_longevity_2021' undefined on input line 78.


LaTeX Warning: Citation `hubscher_seismic_2006' undefined on input line 78.


LaTeX Warning: Citation `virtasalo_submarine_2019' undefined on input line 78.


LaTeX Warning: Citation `christodoulou_active_2003' undefined on input line 78.



LaTeX Warning: Citation `sheng_offshore_2023' undefined on input line 78.


LaTeX Warning: Citation `zhu_types_2021' undefined on input line 78.


LaTeX Warning: Citation `gustafson_aquifer_2019' undefined on input line 78.


LaTeX Warning: Citation `micallef_3d_2020' undefined on input line 78.


LaTeX Warning: Citation `micallef_multiple_2022' undefined on input line 78.


LaTeX Warning: Citation `andresen_longevity_2021' undefined on input line 78.


LaTeX Warning: Citation `hubscher_seismic_2006' undefined on input line 78.


LaTeX Warning: Citation `virtasalo_submarine_2019' undefined on input line 78.


LaTeX Warning: Citation `christodoulou_active_2003' undefined on input line 78.



LaTeX Warning: Citation `sheng_offshore_2023' undefined on input line 78.


LaTeX Warning: Citation `zhu_types_2021' undefined on input line 78.


LaTeX Warning: Citation `gustafson_aquifer_2019' undefined on input line 78.


LaTeX Warning: Citation `micallef_3d_2020' undefined on input line 78.


LaTeX Warning: Citation `micallef_multiple_2022' undefined on input line 78.


LaTeX Warning: `!h' float specifier changed to `!ht'.


LaTeX Warning: Citation `virtasalo_submarine_2019' undefined on input line 82.


Underfull \vbox (badness 10000) has occurred while \output is active []

 [3]

LaTeX Warning: Citation `kaleris_modelling_2002' undefined on input line 84.


Underfull \vbox (badness 10000) has occurred while \output is active []

 [4 <./global_map.png>]

LaTeX Warning: Citation `winter_relation_1999' undefined on input line 86.


Overfull \hbox (4.68243pt too wide) in paragraph at lines 86--87
[]\OT1/cmr/m/n/10 No pre-vi-ous study has rep-re-sented pock-marks ex-plic-itly
 by in-clud-ing re-al-is-tic bathymetry
 []


Underfull \vbox (badness 10000) has occurred while \output is active []

 [5]

Package trackchanges Warning: Editor 'cl' unknown.
(trackchanges)                 on input line 95.


LaTeX Warning: Citation `zamrsky_global_2024' undefined on input line 95.


Package trackchanges Warning: Editor 'cl' unknown.
(trackchanges)                 on input line 95.


LaTeX Warning: Citation `mendecki_saltwater_2025' undefined on input line 95.


Package trackchanges Warning: Editor 'cl' unknown.
(trackchanges)                 on input line 95.


LaTeX Warning: Reference `fig:pockmarks_wellington_map' on page 6 undefined on 
input line 99.


LaTeX Warning: Citation `begg_revised_2023' undefined on input line 99.


LaTeX Warning: Citation `zamrsky_geological_2020' undefined on input line 99.


LaTeX Warning: Citation `bennett_hutt_2024' undefined on input line 99.


LaTeX Warning: Citation `harding_characteristics_2000' undefined on input line 
99.


LaTeX Warning: Citation `morgan_likelihood_2022' undefined on input line 99.

<map_revision1.png, id=37, 361.35pt x 433.62pt>
File: map_revision1.png Graphic file (type png)
<use map_revision1.png>
Package pdftex.def Info: map_revision1.png  used on input line 103.
(pdftex.def)             Requested size: 397.48499pt x 476.98347pt.

LaTeX Warning: `!h' float specifier changed to `!ht'.


LaTeX Warning: Citation `gyopari_lower_2014' undefined on input line 108.


LaTeX Warning: Reference `fig:pockmarks_wellington_map' on page 6 undefined on 
input line 108.


Underfull \vbox (badness 10000) has occurred while \output is active []

 [6]

LaTeX Warning: Reference `fig:pockmarks_info_composite' on page 7 undefined on 
input line 110.


Package trackchanges Warning: Editor 'cl' unknown.
(trackchanges)                 on input line 111.


LaTeX Warning: Citation `shulmeister_timing_2019' undefined on input line 111.


Package trackchanges Warning: Editor 'cl' unknown.
(trackchanges)                 on input line 113.


Underfull \vbox (badness 10000) has occurred while \output is active []

 [7 <./map_revision1.png>]

Package trackchanges Warning: Editor 'cl' unknown.
(trackchanges)                 on input line 116.


LaTeX Warning: Reference `fig:pockmarks_info_composite' on page 8 undefined on 
input line 117.

<background_composite_revision2.png, id=46, 1411.1922pt x 937.22145pt>
File: background_composite_revision2.png Graphic file (type png)
<use background_composite_revision2.png>
Package pdftex.def Info: background_composite_revision2.png  used on input line
 122.
(pdftex.def)             Requested size: 536.60715pt x 356.37666pt.

LaTeX Warning: `!h' float specifier changed to `!ht'.


LaTeX Warning: Reference `fig:pockmarks_info_composite' on page 8 undefined on 
input line 127.


LaTeX Warning: Reference `fig:pockmarks_info_composite' on page 8 undefined on 
input line 129.


Package trackchanges Warning: Editor 'cl' unknown.
(trackchanges)                 on input line 129.


Package trackchanges Warning: Editor 'cl' unknown.
(trackchanges)                 on input line 130.


LaTeX Warning: Citation `diego-feliu_combining_2025' undefined on input line 13
0.


Package trackchanges Warning: Editor 'cl' unknown.
(trackchanges)                 on input line 130.


Underfull \vbox (badness 10000) has occurred while \output is active []

 [8]
Underfull \vbox (badness 10000) has occurred while \output is active []

 [9 <./background_composite_revision2.png>]

LaTeX Warning: Citation `langevin_documentation_2017' undefined on input line 1
38.


LaTeX Warning: Citation `bakker_scripting_2016' undefined on input line 152.


Package trackchanges Warning: Editor 'cl' unknown.
(trackchanges)                 on input line 152.


Package trackchanges Warning: Editor 'cl' unknown.
(trackchanges)                 on input line 154.


LaTeX Warning: Citation `smith_mixed_2004' undefined on input line 154.


LaTeX Warning: Citation `irvine_upstream_2021' undefined on input line 154.


LaTeX Warning: Citation `woods_numerical_2003' undefined on input line 154.

[10]

LaTeX Warning: Citation `seequent_ltd_leapfrog_2020' undefined on input line 15
7.


LaTeX Warning: Reference `fig:pockmarks_wellington_map' on page 11 undefined on
 input line 157.


LaTeX Warning: Citation `stantec_gear_2022' undefined on input line 157.


LaTeX Warning: Citation `begg_lower_2020' undefined on input line 157.


LaTeX Warning: Reference `fig:pockmarks_info_composite' on page 11 undefined on
 input line 157.


LaTeX Warning: Citation `niwa_new_2016' undefined on input line 157.


LaTeX Warning: Citation `doherty_pest_hp_2017' undefined on input line 159.


LaTeX Warning: Reference `fig:pockmarks_wellington_map' on page 11 undefined on
 input line 159.


LaTeX Warning: Reference `tab:welly_parameters' on page 11 undefined on input l
ine 159.


Underfull \vbox (badness 10000) has occurred while \output is active []

 [11]

LaTeX Warning: Reference `fig:pockmarks_info_composite' on page 12 undefined on
 input line 181.


Package trackchanges Warning: Editor 'cl' unknown.
(trackchanges)                 on input line 183.


Package trackchanges Warning: Editor 'cl' unknown.
(trackchanges)                 on input line 183.


Package trackchanges Warning: Editor 'cl' unknown.
(trackchanges)                 on input line 184.


Package trackchanges Warning: Editor 'cl' unknown.
(trackchanges)                 on input line 184.


LaTeX Warning: Citation `zhu_experimental_2021' undefined on input line 184.


Package trackchanges Warning: Editor 'cl' unknown.
(trackchanges)                 on input line 184.


LaTeX Warning: Reference `fig:patches_conduits_locations' on page 12 undefined 
on input line 185.


LaTeX Warning: Reference `tab:patches_and_conduits' on page 12 undefined on inp
ut line 186.

[12]

Package trackchanges Warning: Editor 'cl' unknown.
(trackchanges)                 on input line 188.

<conduit_and_patches_locations.png, id=68, 361.35pt x 289.08pt>
File: conduit_and_patches_locations.png Graphic file (type png)
<use conduit_and_patches_locations.png>
Package pdftex.def Info: conduit_and_patches_locations.png  used on input line 
192.
(pdftex.def)             Requested size: 198.7425pt x 158.99448pt.

LaTeX Warning: `!h' float specifier changed to `!ht'.

[13]

LaTeX Warning: Reference `fig:pockmarks_grid' on page 14 undefined on input lin
e 220.


LaTeX Warning: Reference `fig:pockmarks_grid' on page 14 undefined on input lin
e 220.


LaTeX Warning: Citation `hughes_flopy_2024' undefined on input line 220.


LaTeX Warning: Citation `provost_accurate_2025' undefined on input line 220.

[14 <./conduit_and_patches_locations.png>]
<grid2_boundary_conditions_chd.png, id=77, 513.96014pt x 391.10115pt>
File: grid2_boundary_conditions_chd.png Graphic file (type png)
<use grid2_boundary_conditions_chd.png>
Package pdftex.def Info: grid2_boundary_conditions_chd.png  used on input line 
224.
(pdftex.def)             Requested size: 536.60715pt x 408.34688pt.


LaTeX Warning: Reference `fig:pockmarks_grid' on page 15 undefined on input lin
e 229.


Package trackchanges Warning: Editor 'cl' unknown.
(trackchanges)                 on input line 229.


Package trackchanges Warning: Editor 'cl' unknown.
(trackchanges)                 on input line 229.


LaTeX Warning: Reference `scenarios' on page 15 undefined on input line 229.


Underfull \vbox (badness 1515) has occurred while \output is active []

 [15 <./grid2_boundary_conditions_chd.png>]

LaTeX Warning: Reference `tab:table_stages' on page 16 undefined on input line 
232.


Package trackchanges Warning: Editor 'cl' unknown.
(trackchanges)                 on input line 234.


Package trackchanges Warning: Editor 'cl' unknown.
(trackchanges)                 on input line 234.


LaTeX Warning: Reference `fig:pockmarks_wellington_map' on page 16 undefined on
 input line 234.


Package trackchanges Warning: Editor 'cl' unknown.
(trackchanges)                 on input line 234.


Underfull \vbox (badness 10000) has occurred while \output is active []

 [16]

Package trackchanges Warning: Editor 'cl' unknown.
(trackchanges)                 on input line 257.


Package trackchanges Warning: Editor 'cl' unknown.
(trackchanges)                 on input line 257.


Package trackchanges Warning: Editor 'cl' unknown.
(trackchanges)                 on input line 257.


Package trackchanges Warning: Editor 'cl' unknown.
(trackchanges)                 on input line 261.


LaTeX Warning: Citation `lu_timescales_2013' undefined on input line 261.


LaTeX Warning: Citation `nzsearise_takiwa_2023' undefined on input line 262.


Package trackchanges Warning: Editor 'cl' unknown.
(trackchanges)                 on input line 264.


Underfull \vbox (badness 10000) has occurred while \output is active []

 [17]

Package trackchanges Warning: Editor 'cl' unknown.
(trackchanges)                 on input line 278.


Package trackchanges Warning: Editor 'cl' unknown.
(trackchanges)                 on input line 278.


Underfull \vbox (badness 10000) has occurred while \output is active []

 [18]

Package trackchanges Warning: Editor 'cl' unknown.
(trackchanges)                 on input line 289.


Package trackchanges Warning: Editor 'cl' unknown.
(trackchanges)                 on input line 290.


Underfull \vbox (badness 10000) has occurred while \output is active []

 [19]

LaTeX Warning: Reference `fig_pockmarks_present_day' on page 20 undefined on in
put line 292.


LaTeX Warning: Citation `jiao_reconstructed_2015' undefined on input line 292.

<1average_pockmark_salinity_revision1.png, id=95, 472.8867pt x 532.75035pt>
File: 1average_pockmark_salinity_revision1.png Graphic file (type png)
<use 1average_pockmark_salinity_revision1.png>
Package pdftex.def Info: 1average_pockmark_salinity_revision1.png  used on inpu
t line 296.
(pdftex.def)             Requested size: 437.2359pt x 492.59126pt.

LaTeX Warning: `!h' float specifier changed to `!ht'.


Package trackchanges Warning: Editor 'cl' unknown.
(trackchanges)                 on input line 307.


LaTeX Warning: Reference `fig_pockmarks_present_day' on page 20 undefined on in
put line 309.


Underfull \vbox (badness 10000) has occurred while \output is active []

 [20]

LaTeX Warning: Text page 21 contains only floats.

[21 <./1average_pockmark_salinity_revision1.png>]

LaTeX Warning: Reference `fig:pockmark_comparison' on page 22 undefined on inpu
t line 312.


LaTeX Warning: Reference `fig:pockmark_comparison' on page 22 undefined on inpu
t line 312.


LaTeX Warning: Reference `fig:pockmark_comparison' on page 22 undefined on inpu
t line 312.

<updated_alternate_hypothesis_data_comparison.png, id=103, 1008.4074pt x 836.16
39pt>
File: updated_alternate_hypothesis_data_comparison.png Graphic file (type png)
<use updated_alternate_hypothesis_data_comparison.png>
Package pdftex.def Info: updated_alternate_hypothesis_data_comparison.png  used
 on input line 316.
(pdftex.def)             Requested size: 496.85623pt x 411.99496pt.

LaTeX Warning: `!h' float specifier changed to `!ht'.


LaTeX Warning: Reference `fig:pockmark_comparison' on page 22 undefined on inpu
t line 321.


Package trackchanges Warning: Editor 'cl' unknown.
(trackchanges)                 on input line 322.


LaTeX Warning: Reference `fig:pockmark_comparison' on page 22 undefined on inpu
t line 322.


Package trackchanges Warning: Editor 'cl' unknown.
(trackchanges)                 on input line 324.


LaTeX Warning: Reference `fig:pockmark_comparison' on page 22 undefined on inpu
t line 325.


Package trackchanges Warning: Editor 'cl' unknown.
(trackchanges)                 on input line 326.


Package trackchanges Warning: Editor 'cl' unknown.
(trackchanges)                 on input line 328.


LaTeX Warning: Reference `fig:pockmark_comparison' on page 22 undefined on inpu
t line 328.


Package trackchanges Warning: Editor 'cl' unknown.
(trackchanges)                 on input line 330.


Package trackchanges Warning: Editor 'cl' unknown.
(trackchanges)                 on input line 330.


Underfull \vbox (badness 10000) has occurred while \output is active []

 [22]
Underfull \vbox (badness 10000) has occurred while \output is active []

 [23 <./updated_alternate_hypothesis_data_comparison.png>]

Package trackchanges Warning: Editor 'cl' unknown.
(trackchanges)                 on input line 332.


Package trackchanges Warning: Editor 'cl' unknown.
(trackchanges)                 on input line 333.


Underfull \vbox (badness 10000) has occurred while \output is active []

 [24]

Package trackchanges Warning: Editor 'cl' unknown.
(trackchanges)                 on input line 361.


LaTeX Warning: Reference `fig:pockmarks-response' on page 25 undefined on input
 line 361.


Package trackchanges Warning: Editor 'cl' unknown.
(trackchanges)                 on input line 362.


Package trackchanges Warning: Editor 'cl' unknown.
(trackchanges)                 on input line 362.


LaTeX Warning: Reference `fig:pockmarks-response' on page 25 undefined on input
 line 362.


LaTeX Warning: Reference `fig:pockmarks-response' on page 25 undefined on input
 line 363.

<alternate_hypotheses_changes.png, id=114, 578.16pt x 361.35pt>
File: alternate_hypotheses_changes.png Graphic file (type png)
<use alternate_hypotheses_changes.png>
Package pdftex.def Info: alternate_hypotheses_changes.png  used on input line 3
68.
(pdftex.def)             Requested size: 516.73169pt x 322.97342pt.

LaTeX Warning: `!h' float specifier changed to `!ht'.


LaTeX Warning: Reference `fig:pockmarks-response' on page 25 undefined on input
 line 373.


Package trackchanges Warning: Editor 'cl' unknown.
(trackchanges)                 on input line 373.


LaTeX Warning: Reference `fig:pockmarks-response' on page 25 undefined on input
 line 374.


LaTeX Warning: Reference `fig:pockmarks-response' on page 25 undefined on input
 line 375.


Package trackchanges Warning: Editor 'cl' unknown.
(trackchanges)                 on input line 375.


LaTeX Warning: Reference `tab:table_stages' on page 25 undefined on input line 
379.


Package trackchanges Warning: Editor 'cl' unknown.
(trackchanges)                 on input line 387.


Package trackchanges Warning: Editor 'cl' unknown.
(trackchanges)                 on input line 388.


LaTeX Warning: Reference `fig_pockmarks_present_day' on page 25 undefined on in
put line 388.


Underfull \vbox (badness 10000) has occurred while \output is active []

 [25]
Underfull \vbox (badness 4805) has occurred while \output is active []

 [26 <./alternate_hypotheses_changes.png>]

Package trackchanges Warning: Editor 'cl' unknown.
(trackchanges)                 on input line 394.


LaTeX Warning: Citation `greskowiak_tideinduced_2014' undefined on input line 3
94.


Package trackchanges Warning: Editor 'cl' unknown.
(trackchanges)                 on input line 394.


LaTeX Warning: Citation `simmons_variable-density_2001' undefined on input line
 394.


Package trackchanges Warning: Editor 'cl' unknown.
(trackchanges)                 on input line 394.


Package trackchanges Warning: Editor 'cl' unknown.
(trackchanges)                 on input line 394.


LaTeX Warning: Reference `fig:pockmark_comparison' on page 27 undefined on inpu
t line 396.


LaTeX Warning: Reference `fig:pockmarks_info_composite' on page 27 undefined on
 input line 405.


Package trackchanges Warning: Editor 'cl' unknown.
(trackchanges)                 on input line 407.


Underfull \vbox (badness 10000) has occurred while \output is active []

 [27]

LaTeX Warning: Reference `fig_pockmarks_present_day' on page 28 undefined on in
put line 409.


LaTeX Warning: Reference `fig:pockmarks-response' on page 28 undefined on input
 line 410.


Package trackchanges Warning: Editor 'cl' unknown.
(trackchanges)                 on input line 415.


Package trackchanges Warning: Editor 'cl' unknown.
(trackchanges)                 on input line 417.


Underfull \vbox (badness 10000) has occurred while \output is active []

 [28]

LaTeX Warning: Reference `fig:pockmarks-response' on page 29 undefined on input
 line 429.


LaTeX Warning: Reference `fig:pockmarks_global_map' on page 29 undefined on inp
ut line 435.


Underfull \vbox (badness 10000) has occurred while \output is active []

 [29{/usr/share/texmf/fonts/enc/dvips/cm-super/cm-super-ts1.enc}]

Package trackchanges Warning: Editor 'cl' unknown.
(trackchanges)                 on input line 438.


LaTeX Warning: Citation `post_variable_2022' undefined on input line 438.


LaTeX Warning: Citation `gustafson_aquifer_2019' undefined on input line 440.


Underfull \vbox (badness 10000) has occurred while \output is active []

 [30]

LaTeX Warning: Reference `fig:pockmarks-response' on page 31 undefined on input
 line 452.


Package trackchanges Warning: Editor 'cl' unknown.
(trackchanges)                 on input line 452.


LaTeX Warning: Citation `michael_global_2013' undefined on input line 452.


Package trackchanges Warning: Editor 'cl' unknown.
(trackchanges)                 on input line 452.


LaTeX Warning: Reference `fig:pockmarks-response' on page 31 undefined on input
 line 452.


Package trackchanges Warning: Editor 'cl' unknown.
(trackchanges)                 on input line 454.


LaTeX Warning: Citation `idczak_geophysical_2020' undefined on input line 454.


Package trackchanges Warning: Editor 'cl' unknown.
(trackchanges)                 on input line 455.


LaTeX Warning: Citation `seibert_understanding_2024' undefined on input line 45
6.


Underfull \vbox (badness 10000) has occurred while \output is active []

 [31]

LaTeX Warning: Citation `micallef_3d_2020' undefined on input line 467.


LaTeX Warning: Citation `becker_locating_2023' undefined on input line 467.


Package trackchanges Warning: Editor 'cl' unknown.
(trackchanges)                 on input line 468.


Package trackchanges Warning: Editor 'cl' unknown.
(trackchanges)                 on input line 469.


LaTeX Warning: Citation `reusch_giant_2015' undefined on input line 469.


Package trackchanges Warning: Editor 'cl' unknown.
(trackchanges)                 on input line 469.


LaTeX Warning: Citation `poulsen_detecting_2015' undefined on input line 469.


LaTeX Warning: Citation `van_leer_investigating_2025' undefined on input line 4
70.


LaTeX Warning: Citation `de_la_varga_gempy_2019' undefined on input line 472.


LaTeX Warning: Citation `haehnel_development_2024' undefined on input line 472.



LaTeX Warning: Citation `bardot_seamless_2025' undefined on input line 472.


Underfull \vbox (badness 10000) has occurred while \output is active []

 [32]

LaTeX Warning: Citation `van_leer_estimating_2023' undefined on input line 474.



Package trackchanges Warning: Editor 'cl' unknown.
(trackchanges)                 on input line 477.


Underfull \vbox (badness 10000) has occurred while \output is active []

 [33]

LaTeX Warning: Citation `cleary_python_2025' undefined on input line 480.


LaTeX Warning: Citation `cleary_grid_2025' undefined on input line 480.

No file main.bbl.
[34] (out-tex/main.aux)
 ***********
LaTeX2e <2023-11-01> patch level 1
L3 programming layer <2024-01-22>
 ***********


LaTeX Font Warning: Size substitutions with differences
(Font)              up to 0.45pt have occurred.


LaTeX Warning: There were undefined references.


LaTeX Warning: Label(s) may have changed. Rerun to get cross-references right.

 ) 
Here is how much of TeX's memory you used:
 15861 strings out of 474222
 316138 string characters out of 5748734
 2023975 words of memory out of 5000000
 37792 multiletter control sequences out of 15000+600000
 567519 words of font info for 69 fonts, out of 8000000 for 9000
 1147 hyphenation exceptions out of 8191
 88i,11n,93p,1847b,1053s stack positions out of 10000i,1000n,20000p,200000b,200000s
</usr/share/texlive/texmf-dist/fonts/type1/public/amsfonts/cm/cmbx10.pfb></us
r/share/texlive/texmf-dist/fonts/type1/public/amsfonts/cm/cmbx12.pfb></usr/shar
e/texlive/texmf-dist/fonts/type1/public/amsfonts/cm/cmbx9.pfb></usr/share/texli
ve/texmf-dist/fonts/type1/public/amsfonts/cm/cmex10.pfb></usr/share/texlive/tex
mf-dist/fonts/type1/public/amsfonts/cm/cmmi10.pfb></usr/share/texlive/texmf-dis
t/fonts/type1/public/amsfonts/cm/cmmi7.pfb></usr/share/texlive/texmf-dist/fonts
/type1/public/amsfonts/cm/cmmib10.pfb></usr/share/texlive/texmf-dist/fonts/type
1/public/amsfonts/cm/cmr10.pfb></usr/share/texlive/texmf-dist/fonts/type1/publi
c/amsfonts/cm/cmr6.pfb></usr/share/texlive/texmf-dist/fonts/type1/public/amsfon
ts/cm/cmr7.pfb></usr/share/texlive/texmf-dist/fonts/type1/public/amsfonts/cm/cm
r8.pfb></usr/share/texlive/texmf-dist/fonts/type1/public/amsfonts/cm/cmr9.pfb><
/usr/share/texlive/texmf-dist/fonts/type1/public/amsfonts/cm/cmss8.pfb></usr/sh
are/texlive/texmf-dist/fonts/type1/public/amsfonts/cm/cmsy10.pfb></usr/share/te
xlive/texmf-dist/fonts/type1/public/amsfonts/cm/cmsy5.pfb></usr/share/texlive/t
exmf-dist/fonts/type1/public/amsfonts/cm/cmsy7.pfb></usr/share/texlive/texmf-di
st/fonts/type1/public/amsfonts/cm/cmti7.pfb></usr/share/texlive/texmf-dist/font
s/type1/public/amsfonts/cm/cmti9.pfb></usr/share/texlive/texmf-dist/fonts/type1
/public/amsfonts/cm/cmtt10.pfb></usr/share/texmf/fonts/type1/public/cm-super/sf
rm1000.pfb>
Output written on out-tex/main.pdf (34 pages, 27688124 bytes).
PDF statistics:
 235 PDF objects out of 1000 (max. 8388607)
 141 compressed objects within 2 object streams
 0 named destinations out of 1000 (max. 500000)
 53 words of extra memory for PDF output out of 10000 (max. 10000000)

